[0m[sig-storage] In-tree Volumes [38;5;243m[Driver: azure-file] [0m[Testpattern: Dynamic VolumeGroupSnapshot (retain policy)] volumegroupsnapshottable [Feature:volumegroupsnapshot] [38;5;243mVolumeGroupSnapshottable [0m [0m[1mshould create snapshots for StatefulSet volumes and verify data consistency after restore[0m [38;5;204m[sig-storage, Feature:volumegroupsnapshot][0m
[0m[sig-storage] In-tree Volumes [38;5;243m[Driver: cinder] [0m[Testpattern: Dynamic VolumeGroupSnapshot (retain policy)] volumegroupsnapshottable [Feature:volumegroupsnapshot] [38;5;243mVolumeGroupSnapshottable [0m [0m[1mshould create snapshots for StatefulSet volumes and verify data consistency after restore[0m [38;5;204m[sig-storage, Feature:volumegroupsnapshot][0m
[0m[sig-storage] In-tree Volumes [38;5;243m[Driver: local] [LocalVolumeType: dir-bindmounted] [0m[Testpattern: Dynamic VolumeGroupSnapshot (retain policy)] volumegroupsnapshottable [Feature:volumegroupsnapshot] [38;5;243mVolumeGroupSnapshottable [0m [0m[1mshould create snapshots for StatefulSet volumes and verify data consistency after restore[0m [38;5;204m[sig-storage, Feature:volumegroupsnapshot][0m
[0m[sig-storage] In-tree Volumes [38;5;243m[Driver: local] [LocalVolumeType: dir-link-bindmounted] [0m[Testpattern: Dynamic VolumeGroupSnapshot (delete policy)] volumegroupsnapshottable [Feature:volumegroupsnapshot] [38;5;243mVolumeGroupSnapshottable [0m [0m[1mshould create snapshots for StatefulSet volumes and verify data consistency after restore[0m [38;5;204m[sig-storage, Feature:volumegroupsnapshot][0m
[0m[sig-storage] In-tree Volumes [38;5;243m[Driver: cinder] [0m[Testpattern: Dynamic VolumeGroupSnapshot (delete policy)] volumegroupsnapshottable [Feature:volumegroupsnapshot] [38;5;243mVolumeGroupSnapshottable [0m [0m[1mshould create snapshots for StatefulSet volumes and verify data consistency after restore[0m [38;5;204m[sig-storage, Feature:volumegroupsnapshot][0m
[0m[sig-storage] In-tree Volumes [38;5;243m[Driver: local] [LocalVolumeType: block] [0m[Testpattern: Dynamic VolumeGroupSnapshot (retain policy)] volumegroupsnapshottable [Feature:volumegroupsnapshot] [38;5;243mVolumeGroupSnapshottable [0m [0m[1mshould create snapshots for StatefulSet volumes and verify data consistency after restore[0m [38;5;204m[sig-storage, Feature:volumegroupsnapshot][0m
[0m[sig-storage] In-tree Volumes [38;5;243m[Driver: nfs] [0m[Testpattern: Pre-provisioned VolumeGroupSnapshot (retain policy)] volumegroupsnapshottable [Feature:volumegroupsnapshot] [38;5;243mVolumeGroupSnapshottable [0m [0m[1mshould create snapshots for StatefulSet volumes and verify data consistency after restore[0m [38;5;204m[sig-storage, Feature:volumegroupsnapshot][0m
[0m[sig-storage] In-tree Volumes [38;5;243m[Driver: hostPathSymlink] [0m[Testpattern: Pre-provisioned VolumeGroupSnapshot (retain policy)] volumegroupsnapshottable [Feature:volumegroupsnapshot] [38;5;243mVolumeGroupSnapshottable [0m [0m[1mshould create snapshots for StatefulSet volumes and verify data consistency after restore[0m [38;5;204m[sig-storage, Feature:volumegroupsnapshot][0m
[0m[sig-storage] In-tree Volumes [38;5;243m[Driver: local] [LocalVolumeType: dir-bindmounted] [0m[Testpattern: Dynamic VolumeGroupSnapshot (delete policy)] volumegroupsnapshottable [Feature:volumegroupsnapshot] [38;5;243mVolumeGroupSnapshottable [0m [0m[1mshould create snapshots for StatefulSet volumes and verify data consistency after restore[0m [38;5;204m[sig-storage, Feature:volumegroupsnapshot][0m
[0m[sig-storage] In-tree Volumes [38;5;243m[Driver: local] [LocalVolumeType: tmpfs] [0m[Testpattern: Dynamic VolumeGroupSnapshot (delete policy)] volumegroupsnapshottable [Feature:volumegroupsnapshot] [38;5;243mVolumeGroupSnapshottable [0m [0m[1mshould create snapshots for StatefulSet volumes and verify data consistency after restore[0m [38;5;204m[sig-storage, Feature:volumegroupsnapshot][0m
[0m[sig-storage] In-tree Volumes [38;5;243m[Driver: hostPathSymlink] [0m[Testpattern: Dynamic VolumeGroupSnapshot (retain policy)] volumegroupsnapshottable [Feature:volumegroupsnapshot] [38;5;243mVolumeGroupSnapshottable [0m [0m[1mshould create snapshots for StatefulSet volumes and verify data consistency after restore[0m [38;5;204m[sig-storage, Feature:volumegroupsnapshot][0m
[0m[sig-storage] In-tree Volumes [38;5;243m[Driver: nfs] [0m[Testpattern: Pre-provisioned VolumeGroupSnapshot (delete policy)] volumegroupsnapshottable [Feature:volumegroupsnapshot] [38;5;243mVolumeGroupSnapshottable [0m [0m[1mshould create snapshots for StatefulSet volumes and verify data consistency after restore[0m [38;5;204m[sig-storage, Feature:volumegroupsnapshot][0m
[0m[sig-storage] In-tree Volumes [38;5;243m[Driver: iscsi] [Feature:Volumes] [0m[Testpattern: Dynamic VolumeGroupSnapshot (delete policy)] volumegroupsnapshottable [Feature:volumegroupsnapshot] [38;5;243mVolumeGroupSnapshottable [0m [0m[1mshould create snapshots for StatefulSet volumes and verify data consistency after restore[0m [38;5;204m[sig-storage, Feature:Volumes, Feature:volumegroupsnapshot][0m
[0m[sig-storage] In-tree Volumes [38;5;243m[Driver: hostPath] [0m[Testpattern: Dynamic VolumeGroupSnapshot (delete policy)] volumegroupsnapshottable [Feature:volumegroupsnapshot] [38;5;243mVolumeGroupSnapshottable [0m [0m[1mshould create snapshots for StatefulSet volumes and verify data consistency after restore[0m [38;5;204m[sig-storage, Feature:volumegroupsnapshot][0m
[0m[sig-storage] In-tree Volumes [38;5;243m[Driver: emptydir] [0m[Testpattern: Pre-provisioned VolumeGroupSnapshot (retain policy)] volumegroupsnapshottable [Feature:volumegroupsnapshot] [38;5;243mVolumeGroupSnapshottable [0m [0m[1mshould create snapshots for StatefulSet volumes and verify data consistency after restore[0m [38;5;204m[sig-storage, Feature:volumegroupsnapshot][0m
[0m[sig-storage] In-tree Volumes [38;5;243m[Driver: cinder] [0m[Testpattern: Pre-provisioned VolumeGroupSnapshot (retain policy)] volumegroupsnapshottable [Feature:volumegroupsnapshot] [38;5;243mVolumeGroupSnapshottable [0m [0m[1mshould create snapshots for StatefulSet volumes and verify data consistency after restore[0m [38;5;204m[sig-storage, Feature:volumegroupsnapshot][0m
[0m[sig-storage] In-tree Volumes [38;5;243m[Driver: local] [LocalVolumeType: tmpfs] [0m[Testpattern: Pre-provisioned VolumeGroupSnapshot (delete policy)] volumegroupsnapshottable [Feature:volumegroupsnapshot] [38;5;243mVolumeGroupSnapshottable [0m [0m[1mshould create snapshots for StatefulSet volumes and verify data consistency after restore[0m [38;5;204m[sig-storage, Feature:volumegroupsnapshot][0m
[0m[sig-storage] In-tree Volumes [38;5;243m[Driver: iscsi] [Feature:Volumes] [0m[Testpattern: Dynamic VolumeGroupSnapshot (retain policy)] volumegroupsnapshottable [Feature:volumegroupsnapshot] [38;5;243mVolumeGroupSnapshottable [0m [0m[1mshould create snapshots for StatefulSet volumes and verify data consistency after restore[0m [38;5;204m[sig-storage, Feature:Volumes, Feature:volumegroupsnapshot][0m
[0m[sig-storage] In-tree Volumes [38;5;243m[Driver: azure-file] [0m[Testpattern: Dynamic VolumeGroupSnapshot (delete policy)] volumegroupsnapshottable [Feature:volumegroupsnapshot] [38;5;243mVolumeGroupSnapshottable [0m [0m[1mshould create snapshots for StatefulSet volumes and verify data consistency after restore[0m [38;5;204m[sig-storage, Feature:volumegroupsnapshot][0m
[0m[sig-storage] In-tree Volumes [38;5;243m[Driver: local] [LocalVolumeType: dir] [0m[Testpattern: Pre-provisioned VolumeGroupSnapshot (delete policy)] volumegroupsnapshottable [Feature:volumegroupsnapshot] [38;5;243mVolumeGroupSnapshottable [0m [0m[1mshould create snapshots for StatefulSet volumes and verify data consistency after restore[0m [38;5;204m[sig-storage, Feature:volumegroupsnapshot][0m
[0m[sig-storage] In-tree Volumes [38;5;243m[Driver: local] [LocalVolumeType: dir] [0m[Testpattern: Dynamic VolumeGroupSnapshot (retain policy)] volumegroupsnapshottable [Feature:volumegroupsnapshot] [38;5;243mVolumeGroupSnapshottable [0m [0m[1mshould create snapshots for StatefulSet volumes and verify data consistency after restore[0m [38;5;204m[sig-storage, Feature:volumegroupsnapshot][0m
[0m[sig-storage] In-tree Volumes [38;5;243m[Driver: local] [LocalVolumeType: block] [0m[Testpattern: Dynamic VolumeGroupSnapshot (delete policy)] volumegroupsnapshottable [Feature:volumegroupsnapshot] [38;5;243mVolumeGroupSnapshottable [0m [0m[1mshould create snapshots for StatefulSet volumes and verify data consistency after restore[0m [38;5;204m[sig-storage, Feature:volumegroupsnapshot][0m
[0m[sig-storage] In-tree Volumes [38;5;243m[Driver: local] [LocalVolumeType: tmpfs] [0m[Testpattern: Dynamic VolumeGroupSnapshot (retain policy)] volumegroupsnapshottable [Feature:volumegroupsnapshot] [38;5;243mVolumeGroupSnapshottable [0m [0m[1mshould create snapshots for StatefulSet volumes and verify data consistency after restore[0m [38;5;204m[sig-storage, Feature:volumegroupsnapshot][0m
[0m[sig-storage] In-tree Volumes [38;5;243m[Driver: local] [LocalVolumeType: dir-bindmounted] [0m[Testpattern: Pre-provisioned VolumeGroupSnapshot (retain policy)] volumegroupsnapshottable [Feature:volumegroupsnapshot] [38;5;243mVolumeGroupSnapshottable [0m [0m[1mshould create snapshots for StatefulSet volumes and verify data consistency after restore[0m [38;5;204m[sig-storage, Feature:volumegroupsnapshot][0m
[0m[sig-storage] In-tree Volumes [38;5;243m[Driver: hostPathSymlink] [0m[Testpattern: Dynamic VolumeGroupSnapshot (delete policy)] volumegroupsnapshottable [Feature:volumegroupsnapshot] [38;5;243mVolumeGroupSnapshottable [0m [0m[1mshould create snapshots for StatefulSet volumes and verify data consistency after restore[0m [38;5;204m[sig-storage, Feature:volumegroupsnapshot][0m
[0m[sig-storage] In-tree Volumes [38;5;243m[Driver: azure-file] [0m[Testpattern: Pre-provisioned VolumeGroupSnapshot (delete policy)] volumegroupsnapshottable [Feature:volumegroupsnapshot] [38;5;243mVolumeGroupSnapshottable [0m [0m[1mshould create snapshots for StatefulSet volumes and verify data consistency after restore[0m [38;5;204m[sig-storage, Feature:volumegroupsnapshot][0m
[0m[sig-storage] In-tree Volumes [38;5;243m[Driver: local] [LocalVolumeType: blockfs] [0m[Testpattern: Dynamic VolumeGroupSnapshot (delete policy)] volumegroupsnapshottable [Feature:volumegroupsnapshot] [38;5;243mVolumeGroupSnapshottable [0m [0m[1mshould create snapshots for StatefulSet volumes and verify data consistency after restore[0m [38;5;204m[sig-storage, Feature:volumegroupsnapshot][0m
[0m[sig-storage] In-tree Volumes [38;5;243m[Driver: vsphere] [0m[Testpattern: Pre-provisioned VolumeGroupSnapshot (retain policy)] volumegroupsnapshottable [Feature:volumegroupsnapshot] [38;5;243mVolumeGroupSnapshottable [0m [0m[1mshould create snapshots for StatefulSet volumes and verify data consistency after restore[0m [38;5;204m[sig-storage, Feature:volumegroupsnapshot][0m
[0m[sig-storage] In-tree Volumes [38;5;243m[Driver: emptydir] [0m[Testpattern: Pre-provisioned VolumeGroupSnapshot (delete policy)] volumegroupsnapshottable [Feature:volumegroupsnapshot] [38;5;243mVolumeGroupSnapshottable [0m [0m[1mshould create snapshots for StatefulSet volumes and verify data consistency after restore[0m [38;5;204m[sig-storage, Feature:volumegroupsnapshot][0m
[0m[sig-storage] In-tree Volumes [38;5;243m[Driver: iscsi] [Feature:Volumes] [0m[Testpattern: Pre-provisioned VolumeGroupSnapshot (retain policy)] volumegroupsnapshottable [Feature:volumegroupsnapshot] [38;5;243mVolumeGroupSnapshottable [0m [0m[1mshould create snapshots for StatefulSet volumes and verify data consistency after restore[0m [38;5;204m[sig-storage, Feature:Volumes, Feature:volumegroupsnapshot][0m
[0m[sig-storage] In-tree Volumes [38;5;243m[Driver: local] [LocalVolumeType: block] [0m[Testpattern: Pre-provisioned VolumeGroupSnapshot (delete policy)] volumegroupsnapshottable [Feature:volumegroupsnapshot] [38;5;243mVolumeGroupSnapshottable [0m [0m[1mshould create snapshots for StatefulSet volumes and verify data consistency after restore[0m [38;5;204m[sig-storage, Feature:volumegroupsnapshot][0m
[0m[sig-storage] In-tree Volumes [38;5;243m[Driver: local] [LocalVolumeType: blockfs] [0m[Testpattern: Pre-provisioned VolumeGroupSnapshot (retain policy)] volumegroupsnapshottable [Feature:volumegroupsnapshot] [38;5;243mVolumeGroupSnapshottable [0m [0m[1mshould create snapshots for StatefulSet volumes and verify data consistency after restore[0m [38;5;204m[sig-storage, Feature:volumegroupsnapshot][0m
[0m[sig-storage] In-tree Volumes [38;5;243m[Driver: hostPath] [0m[Testpattern: Pre-provisioned VolumeGroupSnapshot (retain policy)] volumegroupsnapshottable [Feature:volumegroupsnapshot] [38;5;243mVolumeGroupSnapshottable [0m [0m[1mshould create snapshots for StatefulSet volumes and verify data consistency after restore[0m [38;5;204m[sig-storage, Feature:volumegroupsnapshot][0m
[0m[sig-storage] CSI Volumes [38;5;243m[Driver: csi-hostpath] [0m[Testpattern: Pre-provisioned VolumeGroupSnapshot (retain policy)] volumegroupsnapshottable [Feature:volumegroupsnapshot] [38;5;243mVolumeGroupSnapshottable [0m [0m[1mshould create snapshots for StatefulSet volumes and verify data consistency after restore[0m [38;5;204m[sig-storage, Feature:volumegroupsnapshot][0m
[0m[sig-storage] In-tree Volumes [38;5;243m[Driver: local] [LocalVolumeType: dir] [0m[Testpattern: Pre-provisioned VolumeGroupSnapshot (retain policy)] volumegroupsnapshottable [Feature:volumegroupsnapshot] [38;5;243mVolumeGroupSnapshottable [0m [0m[1mshould create snapshots for StatefulSet volumes and verify data consistency after restore[0m [38;5;204m[sig-storage, Feature:volumegroupsnapshot][0m
[0m[sig-storage] In-tree Volumes [38;5;243m[Driver: vsphere] [0m[Testpattern: Dynamic VolumeGroupSnapshot (retain policy)] volumegroupsnapshottable [Feature:volumegroupsnapshot] [38;5;243mVolumeGroupSnapshottable [0m [0m[1mshould create snapshots for StatefulSet volumes and verify data consistency after restore[0m [38;5;204m[sig-storage, Feature:volumegroupsnapshot][0m
[0m[sig-storage] In-tree Volumes [38;5;243m[Driver: local] [LocalVolumeType: dir-bindmounted] [0m[Testpattern: Pre-provisioned VolumeGroupSnapshot (delete policy)] volumegroupsnapshottable [Feature:volumegroupsnapshot] [38;5;243mVolumeGroupSnapshottable [0m [0m[1mshould create snapshots for StatefulSet volumes and verify data consistency after restore[0m [38;5;204m[sig-storage, Feature:volumegroupsnapshot][0m
[0m[sig-storage] In-tree Volumes [38;5;243m[Driver: vsphere] [0m[Testpattern: Dynamic VolumeGroupSnapshot (delete policy)] volumegroupsnapshottable [Feature:volumegroupsnapshot] [38;5;243mVolumeGroupSnapshottable [0m [0m[1mshould create snapshots for StatefulSet volumes and verify data consistency after restore[0m [38;5;204m[sig-storage, Feature:volumegroupsnapshot][0m
[0m[sig-storage] In-tree Volumes [38;5;243m[Driver: nfs] [0m[Testpattern: Dynamic VolumeGroupSnapshot (delete policy)] volumegroupsnapshottable [Feature:volumegroupsnapshot] [38;5;243mVolumeGroupSnapshottable [0m [0m[1mshould create snapshots for StatefulSet volumes and verify data consistency after restore[0m [38;5;204m[sig-storage, Feature:volumegroupsnapshot][0m
[0m[sig-storage] In-tree Volumes [38;5;243m[Driver: local] [LocalVolumeType: dir-link-bindmounted] [0m[Testpattern: Dynamic VolumeGroupSnapshot (retain policy)] volumegroupsnapshottable [Feature:volumegroupsnapshot] [38;5;243mVolumeGroupSnapshottable [0m [0m[1mshould create snapshots for StatefulSet volumes and verify data consistency after restore[0m [38;5;204m[sig-storage, Feature:volumegroupsnapshot][0m
[0m[sig-storage] In-tree Volumes [38;5;243m[Driver: nfs3] [0m[Testpattern: Pre-provisioned VolumeGroupSnapshot (retain policy)] volumegroupsnapshottable [Feature:volumegroupsnapshot] [38;5;243mVolumeGroupSnapshottable [0m [0m[1mshould create snapshots for StatefulSet volumes and verify data consistency after restore[0m [38;5;204m[sig-storage, Feature:volumegroupsnapshot][0m
[0m[sig-storage] In-tree Volumes [38;5;243m[Driver: local] [LocalVolumeType: blockfs] [0m[Testpattern: Pre-provisioned VolumeGroupSnapshot (delete policy)] volumegroupsnapshottable [Feature:volumegroupsnapshot] [38;5;243mVolumeGroupSnapshottable [0m [0m[1mshould create snapshots for StatefulSet volumes and verify data consistency after restore[0m [38;5;204m[sig-storage, Feature:volumegroupsnapshot][0m
[0m[sig-storage] In-tree Volumes [38;5;243m[Driver: local] [LocalVolumeType: dir] [0m[Testpattern: Dynamic VolumeGroupSnapshot (delete policy)] volumegroupsnapshottable [Feature:volumegroupsnapshot] [38;5;243mVolumeGroupSnapshottable [0m [0m[1mshould create snapshots for StatefulSet volumes and verify data consistency after restore[0m [38;5;204m[sig-storage, Feature:volumegroupsnapshot][0m
[0m[sig-storage] In-tree Volumes [38;5;243m[Driver: local] [LocalVolumeType: tmpfs] [0m[Testpattern: Pre-provisioned VolumeGroupSnapshot (retain policy)] volumegroupsnapshottable [Feature:volumegroupsnapshot] [38;5;243mVolumeGroupSnapshottable [0m [0m[1mshould create snapshots for StatefulSet volumes and verify data consistency after restore[0m [38;5;204m[sig-storage, Feature:volumegroupsnapshot][0m
[0m[sig-storage] In-tree Volumes [38;5;243m[Driver: local] [LocalVolumeType: dir-link] [0m[Testpattern: Dynamic VolumeGroupSnapshot (retain policy)] volumegroupsnapshottable [Feature:volumegroupsnapshot] [38;5;243mVolumeGroupSnapshottable [0m [0m[1mshould create snapshots for StatefulSet volumes and verify data consistency after restore[0m [38;5;204m[sig-storage, Feature:volumegroupsnapshot][0m
[0m[sig-storage] In-tree Volumes [38;5;243m[Driver: local] [LocalVolumeType: dir-link] [0m[Testpattern: Pre-provisioned VolumeGroupSnapshot (delete policy)] volumegroupsnapshottable [Feature:volumegroupsnapshot] [38;5;243mVolumeGroupSnapshottable [0m [0m[1mshould create snapshots for StatefulSet volumes and verify data consistency after restore[0m [38;5;204m[sig-storage, Feature:volumegroupsnapshot][0m
[0m[sig-storage] In-tree Volumes [38;5;243m[Driver: hostPath] [0m[Testpattern: Pre-provisioned VolumeGroupSnapshot (delete policy)] volumegroupsnapshottable [Feature:volumegroupsnapshot] [38;5;243mVolumeGroupSnapshottable [0m [0m[1mshould create snapshots for StatefulSet volumes and verify data consistency after restore[0m [38;5;204m[sig-storage, Feature:volumegroupsnapshot][0m
[0m[sig-storage] CSI Volumes [38;5;243m[Driver: csi-hostpath] [0m[Testpattern: Dynamic VolumeGroupSnapshot (retain policy)] volumegroupsnapshottable [Feature:volumegroupsnapshot] [38;5;243mVolumeGroupSnapshottable [0m [0m[1mshould create snapshots for StatefulSet volumes and verify data consistency after restore[0m [38;5;204m[sig-storage, Feature:volumegroupsnapshot][0m
[0m[sig-storage] In-tree Volumes [38;5;243m[Driver: vsphere] [0m[Testpattern: Pre-provisioned VolumeGroupSnapshot (delete policy)] volumegroupsnapshottable [Feature:volumegroupsnapshot] [38;5;243mVolumeGroupSnapshottable [0m [0m[1mshould create snapshots for StatefulSet volumes and verify data consistency after restore[0m [38;5;204m[sig-storage, Feature:volumegroupsnapshot][0m
[0m[sig-storage] In-tree Volumes [38;5;243m[Driver: iscsi] [Feature:Volumes] [0m[Testpattern: Pre-provisioned VolumeGroupSnapshot (delete policy)] volumegroupsnapshottable [Feature:volumegroupsnapshot] [38;5;243mVolumeGroupSnapshottable [0m [0m[1mshould create snapshots for StatefulSet volumes and verify data consistency after restore[0m [38;5;204m[sig-storage, Feature:Volumes, Feature:volumegroupsnapshot][0m
[0m[sig-storage] In-tree Volumes [38;5;243m[Driver: hostPathSymlink] [0m[Testpattern: Pre-provisioned VolumeGroupSnapshot (delete policy)] volumegroupsnapshottable [Feature:volumegroupsnapshot] [38;5;243mVolumeGroupSnapshottable [0m [0m[1mshould create snapshots for StatefulSet volumes and verify data consistency after restore[0m [38;5;204m[sig-storage, Feature:volumegroupsnapshot][0m
[0m[sig-storage] CSI Volumes [38;5;243m[Driver: csi-hostpath] [0m[Testpattern: Dynamic VolumeGroupSnapshot (delete policy)] volumegroupsnapshottable [Feature:volumegroupsnapshot] [38;5;243mVolumeGroupSnapshottable [0m [0m[1mshould create snapshots for StatefulSet volumes and verify data consistency after restore[0m [38;5;204m[sig-storage, Feature:volumegroupsnapshot][0m
[0m[sig-storage] In-tree Volumes [38;5;243m[Driver: hostPath] [0m[Testpattern: Dynamic VolumeGroupSnapshot (retain policy)] volumegroupsnapshottable [Feature:volumegroupsnapshot] [38;5;243mVolumeGroupSnapshottable [0m [0m[1mshould create snapshots for StatefulSet volumes and verify data consistency after restore[0m [38;5;204m[sig-storage, Feature:volumegroupsnapshot][0m
[0m[sig-storage] In-tree Volumes [38;5;243m[Driver: azure-disk] [0m[Testpattern: Pre-provisioned VolumeGroupSnapshot (retain policy)] volumegroupsnapshottable [Feature:volumegroupsnapshot] [38;5;243mVolumeGroupSnapshottable [0m [0m[1mshould create snapshots for StatefulSet volumes and verify data consistency after restore[0m [38;5;204m[sig-storage, Feature:volumegroupsnapshot][0m
[0m[sig-storage] In-tree Volumes [38;5;243m[Driver: nfs] [0m[Testpattern: Dynamic VolumeGroupSnapshot (retain policy)] volumegroupsnapshottable [Feature:volumegroupsnapshot] [38;5;243mVolumeGroupSnapshottable [0m [0m[1mshould create snapshots for StatefulSet volumes and verify data consistency after restore[0m [38;5;204m[sig-storage, Feature:volumegroupsnapshot][0m
[0m[sig-storage] In-tree Volumes [38;5;243m[Driver: nfs3] [0m[Testpattern: Dynamic VolumeGroupSnapshot (delete policy)] volumegroupsnapshottable [Feature:volumegroupsnapshot] [38;5;243mVolumeGroupSnapshottable [0m [0m[1mshould create snapshots for StatefulSet volumes and verify data consistency after restore[0m [38;5;204m[sig-storage, Feature:volumegroupsnapshot][0m
[0m[sig-storage] In-tree Volumes [38;5;243m[Driver: local] [LocalVolumeType: dir-link] [0m[Testpattern: Dynamic VolumeGroupSnapshot (delete policy)] volumegroupsnapshottable [Feature:volumegroupsnapshot] [38;5;243mVolumeGroupSnapshottable [0m [0m[1mshould create snapshots for StatefulSet volumes and verify data consistency after restore[0m [38;5;204m[sig-storage, Feature:volumegroupsnapshot][0m
[0m[sig-storage] In-tree Volumes [38;5;243m[Driver: local] [LocalVolumeType: dir-link-bindmounted] [0m[Testpattern: Pre-provisioned VolumeGroupSnapshot (delete policy)] volumegroupsnapshottable [Feature:volumegroupsnapshot] [38;5;243mVolumeGroupSnapshottable [0m [0m[1mshould create snapshots for StatefulSet volumes and verify data consistency after restore[0m [38;5;204m[sig-storage, Feature:volumegroupsnapshot][0m
[0m[sig-storage] In-tree Volumes [38;5;243m[Driver: local] [LocalVolumeType: block] [0m[Testpattern: Pre-provisioned VolumeGroupSnapshot (retain policy)] volumegroupsnapshottable [Feature:volumegroupsnapshot] [38;5;243mVolumeGroupSnapshottable [0m [0m[1mshould create snapshots for StatefulSet volumes and verify data consistency after restore[0m [38;5;204m[sig-storage, Feature:volumegroupsnapshot][0m
[0m[sig-storage] In-tree Volumes [38;5;243m[Driver: nfs3] [0m[Testpattern: Dynamic VolumeGroupSnapshot (retain policy)] volumegroupsnapshottable [Feature:volumegroupsnapshot] [38;5;243mVolumeGroupSnapshottable [0m [0m[1mshould create snapshots for StatefulSet volumes and verify data consistency after restore[0m [38;5;204m[sig-storage, Feature:volumegroupsnapshot][0m
[0m[sig-storage] In-tree Volumes [38;5;243m[Driver: emptydir] [0m[Testpattern: Dynamic VolumeGroupSnapshot (delete policy)] volumegroupsnapshottable [Feature:volumegroupsnapshot] [38;5;243mVolumeGroupSnapshottable [0m [0m[1mshould create snapshots for StatefulSet volumes and verify data consistency after restore[0m [38;5;204m[sig-storage, Feature:volumegroupsnapshot][0m
[0m[sig-storage] In-tree Volumes [38;5;243m[Driver: cinder] [0m[Testpattern: Pre-provisioned VolumeGroupSnapshot (delete policy)] volumegroupsnapshottable [Feature:volumegroupsnapshot] [38;5;243mVolumeGroupSnapshottable [0m [0m[1mshould create snapshots for StatefulSet volumes and verify data consistency after restore[0m [38;5;204m[sig-storage, Feature:volumegroupsnapshot][0m
[0m[sig-storage] In-tree Volumes [38;5;243m[Driver: azure-disk] [0m[Testpattern: Pre-provisioned VolumeGroupSnapshot (delete policy)] volumegroupsnapshottable [Feature:volumegroupsnapshot] [38;5;243mVolumeGroupSnapshottable [0m [0m[1mshould create snapshots for StatefulSet volumes and verify data consistency after restore[0m [38;5;204m[sig-storage, Feature:volumegroupsnapshot][0m
[0m[sig-storage] In-tree Volumes [38;5;243m[Driver: azure-disk] [0m[Testpattern: Dynamic VolumeGroupSnapshot (retain policy)] volumegroupsnapshottable [Feature:volumegroupsnapshot] [38;5;243mVolumeGroupSnapshottable [0m [0m[1mshould create snapshots for StatefulSet volumes and verify data consistency after restore[0m [38;5;204m[sig-storage, Feature:volumegroupsnapshot][0m
[0m[sig-storage] CSI Volumes [38;5;243m[Driver: csi-hostpath] [0m[Testpattern: Pre-provisioned VolumeGroupSnapshot (delete policy)] volumegroupsnapshottable [Feature:volumegroupsnapshot] [38;5;243mVolumeGroupSnapshottable [0m [0m[1mshould create snapshots for StatefulSet volumes and verify data consistency after restore[0m [38;5;204m[sig-storage, Feature:volumegroupsnapshot][0m
[0m[sig-storage] In-tree Volumes [38;5;243m[Driver: azure-disk] [0m[Testpattern: Dynamic VolumeGroupSnapshot (delete policy)] volumegroupsnapshottable [Feature:volumegroupsnapshot] [38;5;243mVolumeGroupSnapshottable [0m [0m[1mshould create snapshots for StatefulSet volumes and verify data consistency after restore[0m [38;5;204m[sig-storage, Feature:volumegroupsnapshot][0m
[0m[sig-storage] In-tree Volumes [38;5;243m[Driver: local] [LocalVolumeType: blockfs] [0m[Testpattern: Dynamic VolumeGroupSnapshot (retain policy)] volumegroupsnapshottable [Feature:volumegroupsnapshot] [38;5;243mVolumeGroupSnapshottable [0m [0m[1mshould create snapshots for StatefulSet volumes and verify data consistency after restore[0m [38;5;204m[sig-storage, Feature:volumegroupsnapshot][0m
[0m[sig-storage] In-tree Volumes [38;5;243m[Driver: azure-file] [0m[Testpattern: Pre-provisioned VolumeGroupSnapshot (retain policy)] volumegroupsnapshottable [Feature:volumegroupsnapshot] [38;5;243mVolumeGroupSnapshottable [0m [0m[1mshould create snapshots for StatefulSet volumes and verify data consistency after restore[0m [38;5;204m[sig-storage, Feature:volumegroupsnapshot][0m
[0m[sig-storage] In-tree Volumes [38;5;243m[Driver: local] [LocalVolumeType: dir-link] [0m[Testpattern: Pre-provisioned VolumeGroupSnapshot (retain policy)] volumegroupsnapshottable [Feature:volumegroupsnapshot] [38;5;243mVolumeGroupSnapshottable [0m [0m[1mshould create snapshots for StatefulSet volumes and verify data consistency after restore[0m [38;5;204m[sig-storage, Feature:volumegroupsnapshot][0m
[0m[sig-storage] In-tree Volumes [38;5;243m[Driver: nfs3] [0m[Testpattern: Pre-provisioned VolumeGroupSnapshot (delete policy)] volumegroupsnapshottable [Feature:volumegroupsnapshot] [38;5;243mVolumeGroupSnapshottable [0m [0m[1mshould create snapshots for StatefulSet volumes and verify data consistency after restore[0m [38;5;204m[sig-storage, Feature:volumegroupsnapshot][0m
[0m[sig-storage] In-tree Volumes [38;5;243m[Driver: emptydir] [0m[Testpattern: Dynamic VolumeGroupSnapshot (retain policy)] volumegroupsnapshottable [Feature:volumegroupsnapshot] [38;5;243mVolumeGroupSnapshottable [0m [0m[1mshould create snapshots for StatefulSet volumes and verify data consistency after restore[0m [38;5;204m[sig-storage, Feature:volumegroupsnapshot][0m
[0m[sig-storage] In-tree Volumes [38;5;243m[Driver: local] [LocalVolumeType: dir-link-bindmounted] [0m[Testpattern: Pre-provisioned VolumeGroupSnapshot (retain policy)] volumegroupsnapshottable [Feature:volumegroupsnapshot] [38;5;243mVolumeGroupSnapshottable [0m [0m[1mshould create snapshots for StatefulSet volumes and verify data consistency after restore[0m [38;5;204m[sig-storage, Feature:volumegroupsnapshot][0m
